
> my-app@0.1.0 build
> vite build

[36mvite v6.3.5 [32mbuilding for production...[36m[39m
transforming...
[32mΓ£ô[39m 2582 modules transformed.
rendering chunks...
computing gzip size...
[2mbuild/[22m[32mindex.html                 [39m[1m[2m    0.46 kB[22m[1m[22m[2m Γöé gzip:   0.30 kB[22m
[2mbuild/[22m[35massets/index-BsaQBo3p.css  [39m[1m[2m   52.45 kB[22m[1m[22m[2m Γöé gzip:   9.45 kB[22m
[2mbuild/[22m[36massets/index-DJqg-pTu.js   [39m[1m[33m1,253.69 kB[39m[22m[2m Γöé gzip: 355.96 kB[22m[2m Γöé map: 5,285.23 kB[22m
node.exe : [33m
At 
C:\nvm4w\nodejs\npm.ps1:29 
char:3
+   & $NODE_EXE $NPM_CLI_JS 
$args
+   
~~~~~~~~~~~~~~~~~~~~~~~~~~~~~
    + CategoryInfo           
   : NotSpecified: ([33m:S  
  tring) [], RemoteExcepti   
 on
    + FullyQualifiedErrorId  
   : NativeCommandError
 
(!) Some chunks are larger 
than 500 kB after 
minification. Consider:
- Using dynamic import() to 
code-split the application
- Use build.rollupOptions.out
put.manualChunks to improve 
chunking: https://rollupjs.or
g/configuration-options/#outp
ut-manualchunks
- Adjust chunk size limit 
for this warning via build.ch
unkSizeWarningLimit.[39m
[32mΓ£ô built in 19.27s[39m
